Reducing the number of VLM layers to 16 ...
dataset: 120 episodios, 24431 fotogramas
politica: 99.9M parametros entrenables en mps
objc[87198]: Class AVFFrameReceiver is implemented in both /Users/macuartin/www/robotics/youbot/.venv/lib/python3.14/site-packages/av/.dylibs/libavdevice.61.3.100.dylib (0x12a6403a8) and /opt/homebrew/Cellar/ffmpeg/8.1.2_1/lib/libavdevice.62.3.102.dylib (0x135e64328). This may cause spurious casting failures and mysterious crashes. One of the duplicates must be removed or renamed.
objc[87198]: Class AVFAudioReceiver is implemented in both /Users/macuartin/www/robotics/youbot/.venv/lib/python3.14/site-packages/av/.dylibs/libavdevice.61.3.100.dylib (0x12a6403f8) and /opt/homebrew/Cellar/ffmpeg/8.1.2_1/lib/libavdevice.62.3.102.dylib (0x135e64378). This may cause spurious casting failures and mysterious crashes. One of the duplicates must be removed or renamed.
  paso     1/3000 | loss 0.2656 | 3.54 s/paso
  paso    10/3000 | loss 0.1890 | 3.08 s/paso
  paso    20/3000 | loss 0.1260 | 2.90 s/paso
  paso    30/3000 | loss 0.1346 | 3.23 s/paso
  paso    40/3000 | loss 0.1166 | 3.05 s/paso
  paso    50/3000 | loss 0.1323 | 3.03 s/paso
  paso    60/3000 | loss 0.1306 | 2.96 s/paso
  paso    70/3000 | loss 0.0922 | 2.90 s/paso
  paso    80/3000 | loss 0.1068 | 2.86 s/paso
  paso    90/3000 | loss 0.1079 | 2.91 s/paso
  paso   100/3000 | loss 0.1724 | 2.91 s/paso
  paso   110/3000 | loss 0.0975 | 2.83 s/paso
  paso   120/3000 | loss 0.1114 | 2.92 s/paso
  paso   130/3000 | loss 0.1015 | 3.08 s/paso
  paso   140/3000 | loss 0.1122 | 2.89 s/paso
  paso   150/3000 | loss 0.1033 | 2.89 s/paso
  paso   160/3000 | loss 0.1168 | 2.83 s/paso
  paso   170/3000 | loss 0.0961 | 2.82 s/paso
  paso   180/3000 | loss 0.0914 | 2.94 s/paso
  paso   190/3000 | loss 0.0963 | 3.07 s/paso
  paso   200/3000 | loss 0.0809 | 3.28 s/paso
  paso   210/3000 | loss 0.0917 | 3.03 s/paso
  paso   220/3000 | loss 0.1314 | 3.20 s/paso
  paso   230/3000 | loss 0.1456 | 3.19 s/paso
  paso   240/3000 | loss 0.0982 | 3.05 s/paso
  paso   250/3000 | loss 0.1082 | 3.12 s/paso
  paso   260/3000 | loss 0.0873 | 3.18 s/paso
  paso   270/3000 | loss 0.1136 | 2.96 s/paso
  paso   280/3000 | loss 0.0921 | 3.11 s/paso
  paso   290/3000 | loss 0.0983 | 3.07 s/paso
  paso   300/3000 | loss 0.0994 | 2.99 s/paso
  paso   310/3000 | loss 0.1119 | 2.97 s/paso
  paso   320/3000 | loss 0.1063 | 3.04 s/paso
  paso   330/3000 | loss 0.0979 | 2.92 s/paso
  paso   340/3000 | loss 0.0902 | 2.96 s/paso
  paso   350/3000 | loss 0.0905 | 2.87 s/paso
  paso   360/3000 | loss 0.0725 | 2.97 s/paso
  paso   370/3000 | loss 0.0783 | 2.85 s/paso
  paso   380/3000 | loss 0.0769 | 2.88 s/paso
  paso   390/3000 | loss 0.1042 | 2.97 s/paso
  paso   400/3000 | loss 0.0674 | 2.84 s/paso
  paso   410/3000 | loss 0.1164 | 2.93 s/paso
  paso   420/3000 | loss 0.1174 | 2.86 s/paso
  paso   430/3000 | loss 0.0886 | 3.33 s/paso
  paso   440/3000 | loss 0.0806 | 3.10 s/paso
  paso   450/3000 | loss 0.0886 | 3.06 s/paso
  paso   460/3000 | loss 0.0929 | 3.25 s/paso
  paso   470/3000 | loss 0.0841 | 2.99 s/paso
  paso   480/3000 | loss 0.0982 | 3.11 s/paso
  paso   490/3000 | loss 0.0926 | 3.11 s/paso
  paso   500/3000 | loss 0.0979 | 3.16 s/paso
    checkpoint guardado en el paso 500
  paso   510/3000 | loss 0.0729 | 3.35 s/paso
  paso   520/3000 | loss 0.0904 | 3.27 s/paso
  paso   530/3000 | loss 0.0893 | 3.17 s/paso
  paso   540/3000 | loss 0.1054 | 3.44 s/paso
  paso   550/3000 | loss 0.0896 | 3.26 s/paso
  paso   560/3000 | loss 0.0885 | 3.01 s/paso
  paso   570/3000 | loss 0.0950 | 3.16 s/paso
  paso   580/3000 | loss 0.0967 | 3.10 s/paso
  paso   590/3000 | loss 0.0934 | 3.15 s/paso
  paso   600/3000 | loss 0.0981 | 3.07 s/paso
  paso   610/3000 | loss 0.1150 | 3.06 s/paso
  paso   620/3000 | loss 0.0753 | 3.17 s/paso
  paso   630/3000 | loss 0.0743 | 2.89 s/paso
  paso   640/3000 | loss 0.0880 | 2.88 s/paso
  paso   650/3000 | loss 0.1033 | 2.84 s/paso
  paso   660/3000 | loss 0.0951 | 2.87 s/paso
  paso   670/3000 | loss 0.0767 | 3.04 s/paso
  paso   680/3000 | loss 0.0743 | 3.06 s/paso
  paso   690/3000 | loss 0.0935 | 3.15 s/paso
  paso   700/3000 | loss 0.0707 | 3.16 s/paso
  paso   710/3000 | loss 0.1098 | 3.33 s/paso
  paso   720/3000 | loss 0.1063 | 3.24 s/paso
  paso   730/3000 | loss 0.1347 | 3.42 s/paso
  paso   740/3000 | loss 0.0941 | 3.66 s/paso
  paso   750/3000 | loss 0.0942 | 3.46 s/paso
  paso   760/3000 | loss 0.0827 | 3.48 s/paso
  paso   770/3000 | loss 0.0896 | 3.30 s/paso
  paso   780/3000 | loss 0.0636 | 3.33 s/paso
  paso   790/3000 | loss 0.0861 | 3.31 s/paso
  paso   800/3000 | loss 0.0835 | 3.21 s/paso
  paso   810/3000 | loss 0.0761 | 3.39 s/paso
  paso   820/3000 | loss 0.0711 | 3.24 s/paso
  paso   830/3000 | loss 0.0748 | 3.24 s/paso
  paso   840/3000 | loss 0.0717 | 3.30 s/paso
  paso   850/3000 | loss 0.0867 | 3.20 s/paso
  paso   860/3000 | loss 0.1085 | 2.92 s/paso
  paso   870/3000 | loss 0.0815 | 3.02 s/paso
  paso   880/3000 | loss 0.0818 | 3.08 s/paso
  paso   890/3000 | loss 0.1040 | 3.14 s/paso
  paso   900/3000 | loss 0.0825 | 3.13 s/paso
  paso   910/3000 | loss 0.0764 | 3.24 s/paso
  paso   920/3000 | loss 0.0697 | 3.20 s/paso
  paso   930/3000 | loss 0.0685 | 2.91 s/paso
  paso   940/3000 | loss 0.0741 | 3.06 s/paso
  paso   950/3000 | loss 0.0677 | 3.25 s/paso
  paso   960/3000 | loss 0.0614 | 2.98 s/paso
  paso   970/3000 | loss 0.0766 | 3.28 s/paso
  paso   980/3000 | loss 0.0617 | 3.35 s/paso
  paso   990/3000 | loss 0.0685 | 3.17 s/paso
  paso  1000/3000 | loss 0.0584 | 3.12 s/paso
    checkpoint guardado en el paso 1000
  paso  1010/3000 | loss 0.0839 | 3.05 s/paso
  paso  1020/3000 | loss 0.0812 | 3.00 s/paso
  paso  1030/3000 | loss 0.0761 | 3.06 s/paso
  paso  1040/3000 | loss 0.0702 | 3.11 s/paso
  paso  1050/3000 | loss 0.0899 | 2.90 s/paso
  paso  1060/3000 | loss 0.0886 | 2.89 s/paso
  paso  1070/3000 | loss 0.0837 | 2.81 s/paso
  paso  1080/3000 | loss 0.0758 | 3.04 s/paso
  paso  1090/3000 | loss 0.0695 | 2.80 s/paso
  paso  1100/3000 | loss 0.0848 | 3.12 s/paso
  paso  1110/3000 | loss 0.0849 | 2.87 s/paso
  paso  1120/3000 | loss 0.0830 | 2.86 s/paso
  paso  1130/3000 | loss 0.0933 | 2.84 s/paso
  paso  1140/3000 | loss 0.0771 | 2.85 s/paso
  paso  1150/3000 | loss 0.0783 | 2.98 s/paso
  paso  1160/3000 | loss 0.0655 | 3.21 s/paso
  paso  1170/3000 | loss 0.0948 | 2.96 s/paso
  paso  1180/3000 | loss 0.0801 | 2.95 s/paso
  paso  1190/3000 | loss 0.0721 | 2.87 s/paso
  paso  1200/3000 | loss 0.0716 | 3.06 s/paso
  paso  1210/3000 | loss 0.0701 | 3.29 s/paso
  paso  1220/3000 | loss 0.0772 | 3.45 s/paso
  paso  1230/3000 | loss 0.0600 | 2.85 s/paso
  paso  1240/3000 | loss 0.0644 | 3.29 s/paso
  paso  1250/3000 | loss 0.0658 | 3.03 s/paso
  paso  1260/3000 | loss 0.0695 | 3.28 s/paso
  paso  1270/3000 | loss 0.0745 | 3.03 s/paso
  paso  1280/3000 | loss 0.0800 | 3.08 s/paso
  paso  1290/3000 | loss 0.0709 | 3.03 s/paso
  paso  1300/3000 | loss 0.0865 | 3.08 s/paso
  paso  1310/3000 | loss 0.0803 | 3.09 s/paso
  paso  1320/3000 | loss 0.0750 | 3.06 s/paso
  paso  1330/3000 | loss 0.1072 | 3.05 s/paso
  paso  1340/3000 | loss 0.0764 | 2.97 s/paso
  paso  1350/3000 | loss 0.0631 | 2.88 s/paso
  paso  1360/3000 | loss 0.0531 | 2.87 s/paso
  paso  1370/3000 | loss 0.0636 | 3.12 s/paso
  paso  1380/3000 | loss 0.0616 | 2.97 s/paso
  paso  1390/3000 | loss 0.0896 | 2.95 s/paso
  paso  1400/3000 | loss 0.0641 | 3.02 s/paso
  paso  1410/3000 | loss 0.0717 | 2.88 s/paso
  paso  1420/3000 | loss 0.0933 | 2.86 s/paso
  paso  1430/3000 | loss 0.0687 | 2.86 s/paso
  paso  1440/3000 | loss 0.0655 | 2.99 s/paso
  paso  1450/3000 | loss 0.0799 | 3.11 s/paso
  paso  1460/3000 | loss 0.0729 | 3.21 s/paso
  paso  1470/3000 | loss 0.0776 | 3.28 s/paso
  paso  1480/3000 | loss 0.0928 | 3.39 s/paso
  paso  1490/3000 | loss 0.0807 | 3.39 s/paso
  paso  1500/3000 | loss 0.0734 | 3.14 s/paso
    checkpoint guardado en el paso 1500
  paso  1510/3000 | loss 0.0702 | 3.33 s/paso
  paso  1520/3000 | loss 0.0668 | 3.38 s/paso
  paso  1530/3000 | loss 0.0846 | 3.31 s/paso
  paso  1540/3000 | loss 0.0651 | 3.37 s/paso
  paso  1550/3000 | loss 0.0949 | 3.23 s/paso
  paso  1560/3000 | loss 0.0686 | 3.19 s/paso
  paso  1570/3000 | loss 0.0741 | 3.15 s/paso
  paso  1580/3000 | loss 0.0974 | 3.15 s/paso
  paso  1590/3000 | loss 0.0812 | 3.24 s/paso
  paso  1600/3000 | loss 0.0679 | 3.15 s/paso
  paso  1610/3000 | loss 0.0669 | 3.12 s/paso
  paso  1620/3000 | loss 0.0727 | 3.23 s/paso
  paso  1630/3000 | loss 0.0923 | 3.16 s/paso
  paso  1640/3000 | loss 0.0663 | 3.13 s/paso
  paso  1650/3000 | loss 0.0602 | 3.16 s/paso
  paso  1660/3000 | loss 0.0583 | 3.07 s/paso
  paso  1670/3000 | loss 0.0732 | 3.09 s/paso
  paso  1680/3000 | loss 0.0766 | 3.03 s/paso
  paso  1690/3000 | loss 0.0625 | 3.06 s/paso
  paso  1700/3000 | loss 0.0616 | 3.00 s/paso
  paso  1710/3000 | loss 0.0644 | 3.01 s/paso
  paso  1720/3000 | loss 0.0736 | 3.06 s/paso
  paso  1730/3000 | loss 0.0652 | 3.12 s/paso
  paso  1740/3000 | loss 0.0949 | 3.06 s/paso
  paso  1750/3000 | loss 0.0667 | 3.08 s/paso
  paso  1760/3000 | loss 0.0935 | 3.06 s/paso
  paso  1770/3000 | loss 0.0687 | 3.20 s/paso
  paso  1780/3000 | loss 0.0666 | 3.04 s/paso
  paso  1790/3000 | loss 0.0694 | 3.07 s/paso
  paso  1800/3000 | loss 0.0894 | 3.05 s/paso
  paso  1810/3000 | loss 0.0577 | 3.04 s/paso
  paso  1820/3000 | loss 0.0631 | 3.03 s/paso
  paso  1830/3000 | loss 0.0759 | 3.08 s/paso
  paso  1840/3000 | loss 0.0816 | 3.07 s/paso
  paso  1850/3000 | loss 0.0676 | 3.13 s/paso
  paso  1860/3000 | loss 0.0827 | 3.02 s/paso
  paso  1870/3000 | loss 0.0825 | 3.11 s/paso
  paso  1880/3000 | loss 0.0643 | 3.13 s/paso
  paso  1890/3000 | loss 0.0720 | 2.98 s/paso
  paso  1900/3000 | loss 0.0681 | 3.00 s/paso
  paso  1910/3000 | loss 0.0600 | 2.99 s/paso
  paso  1920/3000 | loss 0.0598 | 3.03 s/paso
  paso  1930/3000 | loss 0.0617 | 3.06 s/paso
  paso  1940/3000 | loss 0.0675 | 2.89 s/paso
  paso  1950/3000 | loss 0.0752 | 2.97 s/paso
  paso  1960/3000 | loss 0.0584 | 3.35 s/paso
  paso  1970/3000 | loss 0.0632 | 3.45 s/paso
  paso  1980/3000 | loss 0.0688 | 3.36 s/paso
  paso  1990/3000 | loss 0.0620 | 3.08 s/paso
  paso  2000/3000 | loss 0.0634 | 3.05 s/paso
    checkpoint guardado en el paso 2000
  paso  2010/3000 | loss 0.0542 | 3.20 s/paso
  paso  2020/3000 | loss 0.0625 | 3.34 s/paso
  paso  2030/3000 | loss 0.0552 | 2.94 s/paso
  paso  2040/3000 | loss 0.0718 | 2.84 s/paso
  paso  2050/3000 | loss 0.0830 | 2.87 s/paso
  paso  2060/3000 | loss 0.0901 | 2.84 s/paso
  paso  2070/3000 | loss 0.0678 | 2.84 s/paso
  paso  2080/3000 | loss 0.0790 | 2.83 s/paso
  paso  2090/3000 | loss 0.0574 | 2.85 s/paso
  paso  2100/3000 | loss 0.0659 | 2.83 s/paso
  paso  2110/3000 | loss 0.0705 | 2.84 s/paso
  paso  2120/3000 | loss 0.0631 | 2.85 s/paso
  paso  2130/3000 | loss 0.0586 | 2.83 s/paso
  paso  2140/3000 | loss 0.0611 | 2.83 s/paso
  paso  2150/3000 | loss 0.0722 | 2.83 s/paso
  paso  2160/3000 | loss 0.0707 | 2.81 s/paso
  paso  2170/3000 | loss 0.0730 | 2.91 s/paso
  paso  2180/3000 | loss 0.0686 | 2.83 s/paso
  paso  2190/3000 | loss 0.0645 | 2.82 s/paso
  paso  2200/3000 | loss 0.0732 | 2.95 s/paso
  paso  2210/3000 | loss 0.0609 | 2.84 s/paso
  paso  2220/3000 | loss 0.0682 | 2.85 s/paso
  paso  2230/3000 | loss 0.0740 | 2.84 s/paso
  paso  2240/3000 | loss 0.0991 | 3.01 s/paso
  paso  2250/3000 | loss 0.1018 | 2.85 s/paso
  paso  2260/3000 | loss 0.0792 | 3.05 s/paso
  paso  2270/3000 | loss 0.0772 | 3.08 s/paso
  paso  2280/3000 | loss 0.0580 | 3.12 s/paso
  paso  2290/3000 | loss 0.0689 | 3.05 s/paso
  paso  2300/3000 | loss 0.0487 | 3.13 s/paso
  paso  2310/3000 | loss 0.0652 | 3.07 s/paso
  paso  2320/3000 | loss 0.0675 | 3.04 s/paso
  paso  2330/3000 | loss 0.0702 | 3.14 s/paso
  paso  2340/3000 | loss 0.0776 | 3.03 s/paso
  paso  2350/3000 | loss 0.0684 | 3.02 s/paso
  paso  2360/3000 | loss 0.0846 | 3.02 s/paso
  paso  2370/3000 | loss 0.0860 | 3.04 s/paso
  paso  2380/3000 | loss 0.0632 | 3.04 s/paso
  paso  2390/3000 | loss 0.0662 | 3.04 s/paso
  paso  2400/3000 | loss 0.0494 | 3.03 s/paso
  paso  2410/3000 | loss 0.0636 | 3.05 s/paso
  paso  2420/3000 | loss 0.0616 | 3.08 s/paso
  paso  2430/3000 | loss 0.0590 | 3.15 s/paso
  paso  2440/3000 | loss 0.0983 | 3.08 s/paso
  paso  2450/3000 | loss 0.0704 | 3.04 s/paso
  paso  2460/3000 | loss 0.0906 | 3.01 s/paso
  paso  2470/3000 | loss 0.0604 | 2.99 s/paso
  paso  2480/3000 | loss 0.0704 | 3.02 s/paso
  paso  2490/3000 | loss 0.0568 | 3.00 s/paso
  paso  2500/3000 | loss 0.0760 | 2.97 s/paso
    checkpoint guardado en el paso 2500
  paso  2510/3000 | loss 0.0650 | 3.04 s/paso
  paso  2520/3000 | loss 0.0629 | 2.94 s/paso
  paso  2530/3000 | loss 0.0638 | 2.98 s/paso
  paso  2540/3000 | loss 0.0725 | 1.90 s/paso
  paso  2550/3000 | loss 0.0621 | 1.70 s/paso
  paso  2560/3000 | loss 0.0578 | 1.71 s/paso
  paso  2570/3000 | loss 0.0749 | 1.61 s/paso
  paso  2580/3000 | loss 0.0841 | 1.61 s/paso
  paso  2590/3000 | loss 0.0688 | 1.63 s/paso
  paso  2600/3000 | loss 0.0538 | 1.65 s/paso
  paso  2610/3000 | loss 0.0589 | 1.61 s/paso
  paso  2620/3000 | loss 0.0605 | 1.62 s/paso
  paso  2630/3000 | loss 0.0898 | 1.62 s/paso
  paso  2640/3000 | loss 0.0944 | 1.64 s/paso
  paso  2650/3000 | loss 0.0683 | 1.66 s/paso
  paso  2660/3000 | loss 0.0736 | 1.65 s/paso
  paso  2670/3000 | loss 0.0800 | 1.91 s/paso
  paso  2680/3000 | loss 0.0717 | 1.83 s/paso
  paso  2690/3000 | loss 0.0694 | 2.06 s/paso
  paso  2700/3000 | loss 0.0597 | 2.20 s/paso
  paso  2710/3000 | loss 0.0625 | 1.84 s/paso
  paso  2720/3000 | loss 0.0530 | 1.85 s/paso
  paso  2730/3000 | loss 0.0614 | 1.71 s/paso
  paso  2740/3000 | loss 0.0555 | 1.60 s/paso
  paso  2750/3000 | loss 0.0729 | 1.69 s/paso
  paso  2760/3000 | loss 0.0635 | 1.64 s/paso
  paso  2770/3000 | loss 0.0715 | 1.60 s/paso
  paso  2780/3000 | loss 0.0818 | 1.77 s/paso
  paso  2790/3000 | loss 0.0747 | 1.84 s/paso
  paso  2800/3000 | loss 0.0599 | 1.86 s/paso
  paso  2810/3000 | loss 0.0577 | 1.93 s/paso
  paso  2820/3000 | loss 0.0649 | 1.71 s/paso
  paso  2830/3000 | loss 0.0574 | 1.88 s/paso
  paso  2840/3000 | loss 0.0583 | 1.98 s/paso
  paso  2850/3000 | loss 0.0625 | 2.08 s/paso
  paso  2860/3000 | loss 0.0532 | 1.87 s/paso
  paso  2870/3000 | loss 0.0738 | 1.87 s/paso
  paso  2880/3000 | loss 0.0937 | 1.85 s/paso
  paso  2890/3000 | loss 0.0672 | 1.86 s/paso
  paso  2900/3000 | loss 0.0711 | 2.02 s/paso
  paso  2910/3000 | loss 0.0650 | 1.94 s/paso
  paso  2920/3000 | loss 0.0451 | 2.01 s/paso
  paso  2930/3000 | loss 0.0788 | 2.02 s/paso
  paso  2940/3000 | loss 0.0994 | 1.74 s/paso
  paso  2950/3000 | loss 0.0791 | 1.83 s/paso
  paso  2960/3000 | loss 0.0703 | 1.91 s/paso
  paso  2970/3000 | loss 0.0627 | 1.90 s/paso
  paso  2980/3000 | loss 0.0599 | 1.84 s/paso
  paso  2990/3000 | loss 0.0640 | 1.78 s/paso
  paso  3000/3000 | loss 0.0603 | 1.87 s/paso
    checkpoint guardado en el paso 3000

Checkpoint en /Users/macuartin/www/robotics/youbot/results/smolvla-docking
